// Jest Snapshot v1, https://goo.gl/fbAQLP

exports[`Renders a figure for the story clicked 1`] = `
<figure>
  <img
    alt="Rapido corren los carros"
    class="user_img"
    src="https://s7d2.scene7.com/is/image/PetSmart/PB1201_STORY_CARO-Authority-HealthyOutside-DOG-20160818?$PB1201$"
  />
  <span
    class="Linkify"
  >
    <figcaption>
      Rapido corren los carros
    </figcaption>
  </span>
</figure>
`;
